2025-07-14 08:30:00 | INFO | repo=a4m36jee-2014-infinispan-seminar | action=commit
2025-11-12 19:10:00 | WARN | repo=a4m36jee-2014-infinispan-seminar | action=commit
2025-01-18 14:03:00 | DEBUG | repo=a4m36jee-2014-infinispan-seminar | action=commit
2025-07-05 18:39:00 | INFO | repo=a4m36jee-2014-infinispan-seminar | action=commit
2025-04-09 19:37:00 | DEBUG | repo=a4m36jee-2014-infinispan-seminar | action=commit
2025-11-04 19:35:00 | DEBUG | repo=a4m36jee-2014-infinispan-seminar | action=commit
2025-11-11 19:10:00 | INFO | repo=a4m36jee-2014-infinispan-seminar | action=commit
2025-07-26 08:58:00 | DEBUG | repo=a4m36jee-2014-infinispan-seminar | action=commit
2025-07-15 18:41:00 | WARN | repo=a4m36jee-2014-infinispan-seminar | action=commit
2025-08-11 15:25:00 | INFO | repo=a4m36jee-2014-infinispan-seminar | action=commit
2025-04-01 21:16:00 | INFO | repo=a4m36jee-2014-infinispan-seminar | action=test | passed=true
2025-07-20 16:57:00 | DEBUG | repo=a4m36jee-2014-infinispan-seminar | action=commit
2025-05-20 20:35:00 | DEBUG | repo=a4m36jee-2014-infinispan-seminar | action=commit
2025-10-10 13:48:00 | DEBUG | repo=a4m36jee-2014-infinispan-seminar | action=commit
2025-11-17 20:55:00 | INFO | repo=a4m36jee-2014-infinispan-seminar | action=commit
2025-08-22 07:51:00 | WARN | repo=a4m36jee-2014-infinispan-seminar | action=commit
2025-10-01 18:18:00 | DEBUG | repo=a4m36jee-2014-infinispan-seminar | action=edit | files=5
2025-08-01 20:49:00 | WARN | repo=a4m36jee-2014-infinispan-seminar | action=commit
2025-06-04 17:32:00 | DEBUG | repo=a4m36jee-2014-infinispan-seminar | action=test | passed=true
2025-02-16 10:06:00 | WARN | repo=a4m36jee-2014-infinispan-seminar | action=commit
2025-06-10 14:25:00 | DEBUG | repo=a4m36jee-2014-infinispan-seminar | action=commit
2025-12-07 07:41:00 | INFO | repo=a4m36jee-2014-infinispan-seminar | action=commit
2025-06-13 08:20:00 | WARN | repo=a4m36jee-2014-infinispan-seminar | action=edit | files=1
2025-06-10 16:58:00 | DEBUG | repo=a4m36jee-2014-infinispan-seminar | action=commit
2025-05-03 15:20:00 | INFO | repo=a4m36jee-2014-infinispan-seminar | action=commit
2025-09-26 13:19:00 | WARN | repo=a4m36jee-2014-infinispan-seminar | action=edit | files=5
2025-05-18 09:02:00 | INFO | repo=a4m36jee-2014-infinispan-seminar | action=commit
2025-01-20 20:27:00 | DEBUG | repo=a4m36jee-2014-infinispan-seminar | action=pull
2025-05-21 19:00:00 | WARN | repo=a4m36jee-2014-infinispan-seminar | action=commit
2025-03-11 08:25:00 | INFO | repo=a4m36jee-2014-infinispan-seminar | action=edit | files=3
2025-01-07 08:39:00 | WARN | repo=a4m36jee-2014-infinispan-seminar | action=commit
2025-06-23 10:31:00 | WARN | repo=a4m36jee-2014-infinispan-seminar | action=commit
2025-03-26 08:44:00 | INFO | repo=a4m36jee-2014-infinispan-seminar | action=commit
2025-02-28 09:42:00 | WARN | repo=a4m36jee-2014-infinispan-seminar | action=commit
2025-08-27 08:54:00 | WARN | repo=a4m36jee-2014-infinispan-seminar | action=edit | files=3
2025-02-26 15:06:00 | INFO | repo=a4m36jee-2014-infinispan-seminar | action=commit
2025-08-22 19:45:00 | WARN | repo=a4m36jee-2014-infinispan-seminar | action=commit
2025-04-24 08:23:00 | DEBUG | repo=a4m36jee-2014-infinispan-seminar | action=commit
2025-05-15 10:56:00 | DEBUG | repo=a4m36jee-2014-infinispan-seminar | action=test | passed=true
2025-05-08 13:10:00 | INFO | repo=a4m36jee-2014-infinispan-seminar | action=commit
2025-02-23 18:27:00 | WARN | repo=a4m36jee-2014-infinispan-seminar | action=commit
2025-05-04 12:28:00 | INFO | repo=a4m36jee-2014-infinispan-seminar | action=edit | files=3
2025-05-27 07:43:00 | DEBUG | repo=a4m36jee-2014-infinispan-seminar | action=commit
2025-02-08 18:32:00 | INFO | repo=a4m36jee-2014-infinispan-seminar | action=commit
2025-09-03 19:37:00 | DEBUG | repo=a4m36jee-2014-infinispan-seminar | action=test | passed=true
2025-07-10 09:13:00 | DEBUG | repo=a4m36jee-2014-infinispan-seminar | action=commit
2025-08-06 14:36:00 | DEBUG | repo=a4m36jee-2014-infinispan-seminar | action=commit
2025-07-21 10:32:00 | WARN | repo=a4m36jee-2014-infinispan-seminar | action=commit
2025-07-12 16:20:00 | INFO | repo=a4m36jee-2014-infinispan-seminar | action=test | passed=true
2025-08-08 21:15:00 | DEBUG | repo=a4m36jee-2014-infinispan-seminar | action=pull
2025-02-06 11:54:00 | INFO | repo=a4m36jee-2014-infinispan-seminar | action=commit
2025-04-02 15:38:00 | DEBUG | repo=a4m36jee-2014-infinispan-seminar | action=commit
2025-02-11 07:31:00 | DEBUG | repo=a4m36jee-2014-infinispan-seminar | action=commit
2025-05-11 19:48:00 | INFO | repo=a4m36jee-2014-infinispan-seminar | action=test | passed=true
2025-07-14 19:54:00 | INFO | repo=a4m36jee-2014-infinispan-seminar | action=commit
2025-10-22 20:21:00 | DEBUG | repo=a4m36jee-2014-infinispan-seminar | action=commit
